09:24:22 seed 510 gestartet
09:24:22 seed 511 gestartet
09:24:22 seed 512 gestartet
09:24:22 seed 513 gestartet
09:25:56 seed 511 Routine trainiert (95 s)
09:25:57 seed 510 Routine trainiert (95 s)
09:25:57 seed 513 Routine trainiert (95 s)
09:25:57 seed 512 Routine trainiert (95 s)
09:25:58 seed 511 Vorwärtsmodell fertig (1 s)
09:25:58 seed 510 Vorwärtsmodell fertig (1 s)
09:25:58 seed 513 Vorwärtsmodell fertig (1 s)
09:25:58 seed 512 Vorwärtsmodell fertig (1 s)
09:26:00 seed 511 Prämisse ok (Invarianz 0.964, Restanteil 0.054, Verschiebung 0.083)
09:26:01 seed 510 Prämisse ok (Invarianz 0.978, Restanteil -0.064, Verschiebung 0.082)
09:26:01 seed 513 Prämisse ok (Invarianz 0.965, Restanteil 0.041, Verschiebung 0.066)
09:26:01 seed 512 Prämisse ok (Invarianz 0.971, Restanteil 0.056, Verschiebung 0.075)
09:26:02 seed 513 Vor-Öffnen M3-B: Wand
09:26:02 seed 510 Vor-Öffnen M3-B: Wand
09:26:02 seed 511 Vor-Öffnen M3-B: Wand
09:26:03 seed 512 Vor-Öffnen M3-B: Wand
09:30:11 seed 513 Vor-Öffnen M3-A: bit25&a3, bit23&a2
09:30:11 seed 513 Vor-Öffnen S1-B: Farbe 2
09:30:14 seed 513 Vor-Öffnen S1-A: bit221&a3, bit48&a3
09:30:23 seed 513 Null-Ströme und Schwellen fertig (8 s)
09:30:31 seed 513 δ M3-B = 0.00146
09:31:52 seed 510 Vor-Öffnen M3-A: bit23&a2, bit25&a3, bit17&a0
09:31:52 seed 510 Vor-Öffnen S1-B: Farbe 1
09:31:55 seed 510 Vor-Öffnen S1-A: bit195&a3, bit111&a2, bit294&a2, bit237&a2, bit117&a2, bit170&a2, bit194&a3, bit293&a2
09:32:04 seed 510 Null-Ströme und Schwellen fertig (9 s)
09:32:13 seed 510 δ M3-B = 0.001915
09:33:02 seed 512 Vor-Öffnen M3-A: bit23&a2, bit25&a3, bit31&a1, bit17&a0
09:33:02 seed 512 Vor-Öffnen S1-B: keine
09:33:06 seed 512 Vor-Öffnen S1-A: bit139&a2
09:33:08 seed 511 Vor-Öffnen M3-A: bit25&a3, bit23&a2, bit17&a0, bit31&a1
09:33:08 seed 511 Vor-Öffnen S1-B: Farbe 1
09:33:12 seed 511 Vor-Öffnen S1-A: bit79&a3, bit296&a3, bit147&a3, bit288&a3, bit266&a3, bit31&a1, bit86&a1, bit232&a3
09:33:16 seed 512 Null-Ströme und Schwellen fertig (10 s)
09:33:20 seed 511 Null-Ströme und Schwellen fertig (9 s)
09:33:24 seed 512 δ M3-B = 0
09:33:30 seed 511 δ M3-B = 0
09:53:49 seed 513 δ M3-A = 0.0318
09:53:49 seed 513 Phase 1 fertig (1764 s)
09:53:52 seed 514 gestartet
09:54:20 seed 511 δ M3-A = 0.004148
09:54:20 seed 511 Phase 1 fertig (1795 s)
09:54:20 seed 510 δ M3-A = 0.03437
09:54:20 seed 510 Phase 1 fertig (1796 s)
09:54:38 seed 512 δ M3-A = 0.004179
09:54:38 seed 512 Phase 1 fertig (1813 s)
09:55:22 seed 514 Routine trainiert (90 s)
09:55:23 seed 514 Vorwärtsmodell fertig (1 s)
09:55:26 seed 514 Prämisse ok (Invarianz 0.984, Restanteil 0.025, Verschiebung 0.076)
09:55:27 seed 514 Vor-Öffnen M3-B: Wand
10:03:01 seed 514 Vor-Öffnen M3-A: bit25&a3, bit23&a2, bit17&a0, bit31&a1
10:03:01 seed 514 Vor-Öffnen S1-B: Farbe 1
10:03:05 seed 514 Vor-Öffnen S1-A: bit60&a2, bit59&a2, bit297&a2, bit202&a2, bit105&a3, bit191&a2, bit257&a2, bit146&a2
10:03:13 seed 514 Null-Ströme und Schwellen fertig (8 s)
10:03:21 seed 514 δ M3-B = 0.0006638
10:23:45 seed 514 δ M3-A = 0.004059
10:23:45 seed 514 Phase 1 fertig (1791 s)
10:23:47 seed 510 Bedingung none gestartet
10:23:47 seed 510 Bedingung red gestartet
10:23:47 seed 510 Bedingung global gestartet
10:23:47 seed 510 Bedingung walls gestartet
10:23:48 seed 510 Bedingung none fertig (1 s)
10:23:48 seed 511 Bedingung none gestartet
10:23:49 seed 511 Bedingung none fertig (1 s)
10:23:49 seed 511 Bedingung red gestartet
10:23:52 seed 510 Bedingung walls fertig (5 s)
10:23:52 seed 511 Bedingung global gestartet
10:27:21 seed 511 Bedingung red fertig (212 s)
10:27:21 seed 511 Bedingung walls gestartet
10:28:23 seed 511 Bedingung walls fertig (62 s)
10:28:23 seed 512 Bedingung none gestartet
10:28:23 seed 512 Bedingung none fertig (1 s)
10:28:23 seed 512 Bedingung red gestartet
10:34:13 seed 512 Bedingung red fertig (349 s)
10:34:13 seed 512 Bedingung global gestartet
10:56:32 seed 511 Bedingung global fertig (1960 s)
10:56:32 seed 512 Bedingung walls gestartet
10:59:18 seed 510 Bedingung red fertig (2130 s)
10:59:18 seed 513 Bedingung none gestartet
10:59:18 seed 513 Bedingung none fertig (1 s)
10:59:18 seed 513 Bedingung red gestartet
--- Fortsetzung nach Container-Neustart 11:00:26 ---
11:00:27 verwaiste Sperre von PID 467 übernommen (farbversuch/results/confirm_510/.lock)
11:00:27 seed 510 Vorbereitung übernommen
11:00:27 seed 511 Vorbereitung übernommen
11:00:27 seed 512 Vorbereitung übernommen
11:00:27 seed 513 Vorbereitung übernommen
11:00:27 seed 514 Vorbereitung übernommen
11:00:27 seed 510 Bedingung none übernommen
11:00:27 seed 510 Bedingung red übernommen
11:00:27 seed 510 Bedingung walls übernommen
11:00:27 seed 510 Bedingung global gestartet
11:00:27 seed 511 Bedingung none übernommen
11:00:27 seed 511 Bedingung red übernommen
11:00:27 seed 511 Bedingung global übernommen11:00:27 seed 511 Bedingung walls übernommen

11:00:27 seed 512 Bedingung none übernommen
11:00:27 seed 512 Bedingung red übernommen
11:00:27 seed 512 Bedingung global gestartet
11:00:27 seed 513 Bedingung none übernommen
11:00:27 seed 512 Bedingung walls gestartet
11:00:27 seed 513 Bedingung red gestartet
11:23:13 seed 512 Bedingung walls fertig (1366 s)
11:23:13 seed 513 Bedingung global gestartet
--- Fortsetzung nach Container-Neustart 11:27:50 ---
11:27:53 verwaiste Sperre von PID 411 übernommen (farbversuch/results/confirm_510/.lock)
11:27:53 seed 510 Vorbereitung übernommen
11:27:53 seed 512 Vorbereitung übernommen
11:27:53 seed 511 Vorbereitung übernommen
11:27:53 seed 514 Vorbereitung übernommen
11:27:53 seed 513 Vorbereitung übernommen
11:27:53 seed 510 Bedingung none übernommen
11:27:53 seed 510 Bedingung red übernommen
11:27:53 seed 510 Bedingung global gestartet
11:27:53 seed 510 Bedingung walls übernommen
11:27:53 seed 511 Bedingung none übernommen
11:27:53 seed 511 Bedingung red übernommen
11:27:53 seed 511 Bedingung global übernommen
11:27:53 seed 511 Bedingung walls übernommen
11:27:53 seed 512 Bedingung none übernommen
11:27:53 seed 512 Bedingung red übernommen
11:27:53 seed 512 Bedingung global gestartet11:27:53 seed 512 Bedingung walls übernommen

11:27:53 seed 513 Bedingung none übernommen
11:27:53 seed 513 Bedingung red gestartet
11:27:53 seed 513 Bedingung global gestartet
12:07:22 seed 513 Bedingung red fertig (2369 s)
12:07:22 seed 513 Bedingung walls gestartet
12:07:23 seed 513 Bedingung walls fertig (1 s)
12:07:23 seed 514 Bedingung none gestartet
12:07:23 seed 514 Bedingung none fertig (1 s)
12:07:23 seed 514 Bedingung red gestartet
12:08:49 seed 512 Bedingung global fertig (2455 s)
12:08:49 seed 514 Bedingung global gestartet
12:09:29 seed 510 Bedingung global fertig (2495 s)
12:09:29 seed 514 Bedingung walls gestartet
12:09:29 seed 514 Bedingung walls fertig (1 s)
12:11:09 seed 513 Bedingung global fertig (2596 s)
12:12:30 seed 514 Bedingung red fertig (307 s)
12:51:33 seed 514 Bedingung global fertig (2564 s)
